#--- Sun direction: 0 90 (-6.12323e-17 -0 -1)
7 1 1 10000 0
1 0 # Potential
0 0 # Absorbed
1 0 # Cos
0 0 # Shadowing
1 0 # Missing
0 0 # Atmosphere
0 0 # Reflectivity
square_receiver 2 100   FRONT: -1 -1   -1 -1   -1 -1   -1 -1   -1 -1   BACK: 0 0   1 0   0 0   0 0   0 0
reflector 6 1 10000   0 0   0 0
2 6   FRONT: -1 -1   -1 -1   -1 -1   -1 -1   BACK: 0 0   1 0   0 0   0 0
